// Jest Snapshot v1, https://goo.gl/fbAQLP

exports[`SearchForm component renders the SearchForm component 1`] = `
<form
  onSubmit={[MockFunction]}
>
  <label>
    Search for Artist
    <input
      name="artistName"
      onChange={[MockFunction]}
      type="text"
      value="beyonce"
    />
  </label>
  <button>
    Submit
  </button>
</form>
`;
